============================================================================================================================= short test summary info ==============================================================================================================================
FAILED tests/GEMM/test_groupwise_scaled_gemm_fp8.py::test_fp8_groupwise_group_gemm[out_dtype0-MN-2-128-128-4096] - AssertionError: Tensor-likes are not close!
FAILED tests/GEMM/test_groupwise_scaled_gemm_fp8.py::test_fp8_groupwise_group_gemm[out_dtype0-MN-2-128-128-8192] - AssertionError: Tensor-likes are not close!
FAILED tests/GEMM/test_groupwise_scaled_gemm_fp8.py::test_fp8_groupwise_group_gemm[out_dtype0-MN-2-128-256-8192] - AssertionError: Tensor-likes are not close!
FAILED tests/GEMM/test_groupwise_scaled_gemm_fp8.py::test_fp8_groupwise_group_gemm[out_dtype0-MN-2-128-512-4096] - AssertionError: Tensor-likes are not close!
FAILED tests/GEMM/test_groupwise_scaled_gemm_fp8.py::test_fp8_groupwise_group_gemm[out_dtype0-MN-2-128-512-8192] - AssertionError: Tensor-likes are not close!
FAILED tests/GEMM/test_groupwise_scaled_gemm_fp8.py::test_fp8_groupwise_group_gemm[out_dtype0-MN-2-128-4096-4] - AssertionError: Tensor-likes are not close!
FAILED tests/GEMM/test_groupwise_scaled_gemm_fp8.py::test_fp8_groupwise_group_gemm[out_dtype0-MN-2-128-4096-128] - AssertionError: Tensor-likes are not close!
FAILED tests/GEMM/test_groupwise_scaled_gemm_fp8.py::test_fp8_groupwise_group_gemm[out_dtype0-MN-2-128-4096-256] - AssertionError: Tensor-likes are not close!
FAILED tests/GEMM/test_groupwise_scaled_gemm_fp8.py::test_fp8_groupwise_group_gemm[out_dtype0-MN-2-128-4096-4096] - AssertionError: Tensor-likes are not close!
FAILED tests/GEMM/test_groupwise_scaled_gemm_fp8.py::test_fp8_groupwise_group_gemm[out_dtype0-MN-2-128-4096-8192] - AssertionError: Tensor-likes are not close!
FAILED tests/GEMM/test_groupwise_scaled_gemm_fp8.py::test_fp8_groupwise_group_gemm[out_dtype0-MN-2-128-8192-128] - AssertionError: Tensor-likes are not close!
FAILED tests/GEMM/test_groupwise_scaled_gemm_fp8.py::test_fp8_groupwise_group_gemm[out_dtype0-MN-2-128-8192-4096] - AssertionError: Tensor-likes are not close!
FAILED tests/GEMM/test_groupwise_scaled_gemm_fp8.py::test_fp8_groupwise_group_gemm[out_dtype0-MN-2-128-8192-8192] - AssertionError: Tensor-likes are not close!
FAILED tests/GEMM/test_groupwise_scaled_gemm_fp8.py::test_fp8_groupwise_group_gemm[out_dtype0-MN-2-256-512-4096] - AssertionError: Tensor-likes are not close!
FAILED tests/GEMM/test_groupwise_scaled_gemm_fp8.py::test_fp8_groupwise_group_gemm[out_dtype0-MN-2-256-4096-8192] - AssertionError: Tensor-likes are not close!
FAILED tests/GEMM/test_groupwise_scaled_gemm_fp8.py::test_fp8_groupwise_group_gemm[out_dtype0-MN-2-512-256-4096] - AssertionError: Tensor-likes are not close!
FAILED tests/GEMM/test_groupwise_scaled_gemm_fp8.py::test_fp8_groupwise_group_gemm[out_dtype0-MN-2-512-256-8192] - AssertionError: Tensor-likes are not close!
FAILED tests/GEMM/test_groupwise_scaled_gemm_fp8.py::test_fp8_groupwise_group_gemm[out_dtype0-MN-2-512-512-4096] - AssertionError: Tensor-likes are not close!
FAILED tests/GEMM/test_groupwise_scaled_gemm_fp8.py::test_fp8_groupwise_group_gemm[out_dtype0-MN-2-512-512-8192] - AssertionError: Tensor-likes are not close!
FAILED tests/GEMM/test_groupwise_scaled_gemm_fp8.py::test_fp8_groupwise_group_gemm[out_dtype0-MN-4-128-128-4096] - AssertionError: Tensor-likes are not close!
FAILED tests/GEMM/test_groupwise_scaled_gemm_fp8.py::test_fp8_groupwise_group_gemm[out_dtype0-MN-4-128-128-8192] - AssertionError: Tensor-likes are not close!
FAILED tests/GEMM/test_groupwise_scaled_gemm_fp8.py::test_fp8_groupwise_group_gemm[out_dtype0-MN-4-128-256-4096] - AssertionError: Tensor-likes are not close!
FAILED tests/GEMM/test_groupwise_scaled_gemm_fp8.py::test_fp8_groupwise_group_gemm[out_dtype0-MN-4-128-256-8192] - AssertionError: Tensor-likes are not close!
FAILED tests/GEMM/test_groupwise_scaled_gemm_fp8.py::test_fp8_groupwise_group_gemm[out_dtype0-MN-4-128-512-4096] - AssertionError: Tensor-likes are not close!
FAILED tests/GEMM/test_groupwise_scaled_gemm_fp8.py::test_fp8_groupwise_group_gemm[out_dtype0-MN-4-128-512-8192] - AssertionError: Tensor-likes are not close!
FAILED tests/GEMM/test_groupwise_scaled_gemm_fp8.py::test_fp8_groupwise_group_gemm[out_dtype0-MN-4-128-4096-128] - AssertionError: Tensor-likes are not close!
FAILED tests/GEMM/test_groupwise_scaled_gemm_fp8.py::test_fp8_groupwise_group_gemm[out_dtype0-MN-4-128-4096-256] - AssertionError: Tensor-likes are not close!
FAILED tests/GEMM/test_groupwise_scaled_gemm_fp8.py::test_fp8_groupwise_group_gemm[out_dtype0-MN-4-128-4096-512] - AssertionError: Tensor-likes are not close!
FAILED tests/GEMM/test_groupwise_scaled_gemm_fp8.py::test_fp8_groupwise_group_gemm[out_dtype0-MN-4-128-4096-4096] - AssertionError: Tensor-likes are not close!
FAILED tests/GEMM/test_groupwise_scaled_gemm_fp8.py::test_fp8_groupwise_group_gemm[out_dtype0-MN-4-128-4096-8192] - AssertionError: Tensor-likes are not close!
FAILED tests/GEMM/test_groupwise_scaled_gemm_fp8.py::test_fp8_groupwise_group_gemm[out_dtype0-MN-4-128-8192-4] - AssertionError: Tensor-likes are not close!
FAILED tests/GEMM/test_groupwise_scaled_gemm_fp8.py::test_fp8_groupwise_group_gemm[out_dtype0-MN-4-128-8192-128] - AssertionError: Tensor-likes are not close!
FAILED tests/GEMM/test_groupwise_scaled_gemm_fp8.py::test_fp8_groupwise_group_gemm[out_dtype0-MN-4-128-8192-256] - AssertionError: Tensor-likes are not close!
FAILED tests/GEMM/test_groupwise_scaled_gemm_fp8.py::test_fp8_groupwise_group_gemm[out_dtype0-MN-4-128-8192-512] - AssertionError: Tensor-likes are not close!
FAILED tests/GEMM/test_groupwise_scaled_gemm_fp8.py::test_fp8_groupwise_group_gemm[out_dtype0-MN-4-128-8192-4096] - AssertionError: Tensor-likes are not close!
FAILED tests/GEMM/test_groupwise_scaled_gemm_fp8.py::test_fp8_groupwise_group_gemm[out_dtype0-MN-4-128-8192-8192] - AssertionError: Tensor-likes are not close!
FAILED tests/GEMM/test_groupwise_scaled_gemm_fp8.py::test_fp8_groupwise_group_gemm[out_dtype0-MN-4-256-128-4096] - AssertionError: Tensor-likes are not close!
FAILED tests/GEMM/test_groupwise_scaled_gemm_fp8.py::test_fp8_groupwise_group_gemm[out_dtype0-MN-4-256-128-8192] - AssertionError: Tensor-likes are not close!
FAILED tests/GEMM/test_groupwise_scaled_gemm_fp8.py::test_fp8_groupwise_group_gemm[out_dtype0-MN-4-256-256-4096] - AssertionError: Tensor-likes are not close!
FAILED tests/GEMM/test_groupwise_scaled_gemm_fp8.py::test_fp8_groupwise_group_gemm[out_dtype0-MN-4-256-256-8192] - AssertionError: Tensor-likes are not close!
FAILED tests/GEMM/test_groupwise_scaled_gemm_fp8.py::test_fp8_groupwise_group_gemm[out_dtype0-MN-4-256-512-4096] - AssertionError: Tensor-likes are not close!
FAILED tests/GEMM/test_groupwise_scaled_gemm_fp8.py::test_fp8_groupwise_group_gemm[out_dtype0-MN-4-256-512-8192] - AssertionError: Tensor-likes are not close!
FAILED tests/GEMM/test_groupwise_scaled_gemm_fp8.py::test_fp8_groupwise_group_gemm[out_dtype0-MN-4-256-4096-4] - AssertionError: Tensor-likes are not close!
FAILED tests/GEMM/test_groupwise_scaled_gemm_fp8.py::test_fp8_groupwise_group_gemm[out_dtype0-MN-4-256-4096-128] - AssertionError: Tensor-likes are not close!
FAILED tests/GEMM/test_groupwise_scaled_gemm_fp8.py::test_fp8_groupwise_group_gemm[out_dtype0-MN-4-256-4096-256] - AssertionError: Tensor-likes are not close!
FAILED tests/GEMM/test_groupwise_scaled_gemm_fp8.py::test_fp8_groupwise_group_gemm[out_dtype0-MN-4-256-4096-4096] - AssertionError: Tensor-likes are not close!
FAILED tests/GEMM/test_groupwise_scaled_gemm_fp8.py::test_fp8_groupwise_group_gemm[out_dtype0-MN-4-256-4096-8192] - AssertionError: Tensor-likes are not close!
FAILED tests/GEMM/test_groupwise_scaled_gemm_fp8.py::test_fp8_groupwise_group_gemm[out_dtype0-MN-4-256-8192-4] - AssertionError: Tensor-likes are not close!
FAILED tests/GEMM/test_groupwise_scaled_gemm_fp8.py::test_fp8_groupwise_group_gemm[out_dtype0-MN-4-256-8192-128] - AssertionError: Tensor-likes are not close!
FAILED tests/GEMM/test_groupwise_scaled_gemm_fp8.py::test_fp8_groupwise_group_gemm[out_dtype0-MN-4-256-8192-256] - AssertionError: Tensor-likes are not close!
FAILED tests/GEMM/test_groupwise_scaled_gemm_fp8.py::test_fp8_groupwise_group_gemm[out_dtype0-MN-4-256-8192-512] - AssertionError: Tensor-likes are not close!
FAILED tests/GEMM/test_groupwise_scaled_gemm_fp8.py::test_fp8_groupwise_group_gemm[out_dtype0-MN-4-512-128-4096] - AssertionError: Tensor-likes are not close!
FAILED tests/GEMM/test_groupwise_scaled_gemm_fp8.py::test_fp8_groupwise_group_gemm[out_dtype0-MN-4-512-128-8192] - AssertionError: Tensor-likes are not close!
FAILED tests/GEMM/test_groupwise_scaled_gemm_fp8.py::test_fp8_groupwise_group_gemm[out_dtype0-MN-4-512-256-4096] - AssertionError: Tensor-likes are not close!
FAILED tests/GEMM/test_groupwise_scaled_gemm_fp8.py::test_fp8_groupwise_group_gemm[out_dtype0-MN-4-512-256-8192] - AssertionError: Tensor-likes are not close!
FAILED tests/GEMM/test_groupwise_scaled_gemm_fp8.py::test_fp8_groupwise_group_gemm[out_dtype0-MN-4-512-512-4096] - AssertionError: Tensor-likes are not close!
FAILED tests/GEMM/test_groupwise_scaled_gemm_fp8.py::test_fp8_groupwise_group_gemm[out_dtype0-MN-4-512-512-8192] - AssertionError: Tensor-likes are not close!
FAILED tests/GEMM/test_groupwise_scaled_gemm_fp8.py::test_fp8_groupwise_group_gemm[out_dtype0-MN-4-512-4096-4] - AssertionError: Tensor-likes are not close!
FAILED tests/GEMM/test_groupwise_scaled_gemm_fp8.py::test_fp8_groupwise_group_gemm[out_dtype0-MN-4-512-4096-8192] - AssertionError: Tensor-likes are not close!
FAILED tests/GEMM/test_groupwise_scaled_gemm_fp8.py::test_fp8_groupwise_group_gemm[out_dtype0-MN-4-512-8192-128] - AssertionError: Tensor-likes are not close!
FAILED tests/GEMM/test_groupwise_scaled_gemm_fp8.py::test_fp8_groupwise_group_gemm[out_dtype0-MN-4-512-8192-8192] - AssertionError: Tensor-likes are not close!
FAILED tests/GEMM/test_groupwise_scaled_gemm_fp8.py::test_fp8_groupwise_group_gemm[out_dtype0-MN-8-128-128-4096] - AssertionError: Tensor-likes are not close!
FAILED tests/GEMM/test_groupwise_scaled_gemm_fp8.py::test_fp8_groupwise_group_gemm[out_dtype0-MN-8-128-128-8192] - AssertionError: Tensor-likes are not close!
FAILED tests/GEMM/test_groupwise_scaled_gemm_fp8.py::test_fp8_groupwise_group_gemm[out_dtype0-MN-8-128-256-4096] - AssertionError: Tensor-likes are not close!
FAILED tests/GEMM/test_groupwise_scaled_gemm_fp8.py::test_fp8_groupwise_group_gemm[out_dtype0-MN-8-128-256-8192] - AssertionError: Tensor-likes are not close!
FAILED tests/GEMM/test_groupwise_scaled_gemm_fp8.py::test_fp8_groupwise_group_gemm[out_dtype0-MN-8-128-512-512] - AssertionError: Tensor-likes are not close!
FAILED tests/GEMM/test_groupwise_scaled_gemm_fp8.py::test_fp8_groupwise_group_gemm[out_dtype0-MN-8-128-512-4096] - AssertionError: Tensor-likes are not close!
FAILED tests/GEMM/test_groupwise_scaled_gemm_fp8.py::test_fp8_groupwise_group_gemm[out_dtype0-MN-8-128-512-8192] - AssertionError: Tensor-likes are not close!
FAILED tests/GEMM/test_groupwise_scaled_gemm_fp8.py::test_fp8_groupwise_group_gemm[out_dtype0-MN-8-128-4096-4] - AssertionError: Tensor-likes are not close!
FAILED tests/GEMM/test_groupwise_scaled_gemm_fp8.py::test_fp8_groupwise_group_gemm[out_dtype0-MN-8-128-4096-128] - AssertionError: Tensor-likes are not close!
FAILED tests/GEMM/test_groupwise_scaled_gemm_fp8.py::test_fp8_groupwise_group_gemm[out_dtype0-MN-8-128-4096-256] - AssertionError: Tensor-likes are not close!
FAILED tests/GEMM/test_groupwise_scaled_gemm_fp8.py::test_fp8_groupwise_group_gemm[out_dtype0-MN-8-128-4096-512] - AssertionError: Tensor-likes are not close!
FAILED tests/GEMM/test_groupwise_scaled_gemm_fp8.py::test_fp8_groupwise_group_gemm[out_dtype0-MN-8-128-4096-4096] - AssertionError: Tensor-likes are not close!
FAILED tests/GEMM/test_groupwise_scaled_gemm_fp8.py::test_fp8_groupwise_group_gemm[out_dtype0-MN-8-128-4096-8192] - AssertionError: Tensor-likes are not close!
FAILED tests/GEMM/test_groupwise_scaled_gemm_fp8.py::test_fp8_groupwise_group_gemm[out_dtype0-MN-8-128-8192-4] - AssertionError: Tensor-likes are not close!
FAILED tests/GEMM/test_groupwise_scaled_gemm_fp8.py::test_fp8_groupwise_group_gemm[out_dtype0-MN-8-128-8192-128] - AssertionError: Tensor-likes are not close!
FAILED tests/GEMM/test_groupwise_scaled_gemm_fp8.py::test_fp8_groupwise_group_gemm[out_dtype0-MN-8-128-8192-256] - AssertionError: Tensor-likes are not close!
FAILED tests/GEMM/test_groupwise_scaled_gemm_fp8.py::test_fp8_groupwise_group_gemm[out_dtype0-MN-8-128-8192-512] - AssertionError: Tensor-likes are not close!
FAILED tests/GEMM/test_groupwise_scaled_gemm_fp8.py::test_fp8_groupwise_group_gemm[out_dtype0-MN-8-128-8192-4096] - AssertionError: Tensor-likes are not close!
FAILED tests/GEMM/test_groupwise_scaled_gemm_fp8.py::test_fp8_groupwise_group_gemm[out_dtype0-MN-8-128-8192-8192] - AssertionError: Tensor-likes are not close!
FAILED tests/GEMM/test_groupwise_scaled_gemm_fp8.py::test_fp8_groupwise_group_gemm[out_dtype0-MN-8-256-128-4096] - AssertionError: Tensor-likes are not close!
FAILED tests/GEMM/test_groupwise_scaled_gemm_fp8.py::test_fp8_groupwise_group_gemm[out_dtype0-MN-8-256-128-8192] - AssertionError: Tensor-likes are not close!
FAILED tests/GEMM/test_groupwise_scaled_gemm_fp8.py::test_fp8_groupwise_group_gemm[out_dtype0-MN-8-256-256-4096] - AssertionError: Tensor-likes are not close!
FAILED tests/GEMM/test_groupwise_scaled_gemm_fp8.py::test_fp8_groupwise_group_gemm[out_dtype0-MN-8-256-256-8192] - AssertionError: Tensor-likes are not close!
FAILED tests/GEMM/test_groupwise_scaled_gemm_fp8.py::test_fp8_groupwise_group_gemm[out_dtype0-MN-8-256-512-512] - AssertionError: Tensor-likes are not close!
FAILED tests/GEMM/test_groupwise_scaled_gemm_fp8.py::test_fp8_groupwise_group_gemm[out_dtype0-MN-8-256-512-4096] - AssertionError: Tensor-likes are not close!
FAILED tests/GEMM/test_groupwise_scaled_gemm_fp8.py::test_fp8_groupwise_group_gemm[out_dtype0-MN-8-256-512-8192] - AssertionError: Tensor-likes are not close!
FAILED tests/GEMM/test_groupwise_scaled_gemm_fp8.py::test_fp8_groupwise_group_gemm[out_dtype0-MN-8-256-4096-4] - AssertionError: Tensor-likes are not close!
FAILED tests/GEMM/test_groupwise_scaled_gemm_fp8.py::test_fp8_groupwise_group_gemm[out_dtype0-MN-8-256-4096-128] - AssertionError: Tensor-likes are not close!
FAILED tests/GEMM/test_groupwise_scaled_gemm_fp8.py::test_fp8_groupwise_group_gemm[out_dtype0-MN-8-256-4096-256] - AssertionError: Tensor-likes are not close!
FAILED tests/GEMM/test_groupwise_scaled_gemm_fp8.py::test_fp8_groupwise_group_gemm[out_dtype0-MN-8-256-4096-512] - AssertionError: Tensor-likes are not close!
FAILED tests/GEMM/test_groupwise_scaled_gemm_fp8.py::test_fp8_groupwise_group_gemm[out_dtype0-MN-8-256-4096-4096] - AssertionError: Tensor-likes are not close!
FAILED tests/GEMM/test_groupwise_scaled_gemm_fp8.py::test_fp8_groupwise_group_gemm[out_dtype0-MN-8-256-4096-8192] - AssertionError: Tensor-likes are not close!
FAILED tests/GEMM/test_groupwise_scaled_gemm_fp8.py::test_fp8_groupwise_group_gemm[out_dtype0-MN-8-256-8192-4] - AssertionError: Tensor-likes are not close!
FAILED tests/GEMM/test_groupwise_scaled_gemm_fp8.py::test_fp8_groupwise_group_gemm[out_dtype0-MN-8-256-8192-128] - AssertionError: Tensor-likes are not close!
FAILED tests/GEMM/test_groupwise_scaled_gemm_fp8.py::test_fp8_groupwise_group_gemm[out_dtype0-MN-8-256-8192-256] - AssertionError: Tensor-likes are not close!
FAILED tests/GEMM/test_groupwise_scaled_gemm_fp8.py::test_fp8_groupwise_group_gemm[out_dtype0-MN-8-256-8192-512] - AssertionError: Tensor-likes are not close!
FAILED tests/GEMM/test_groupwise_scaled_gemm_fp8.py::test_fp8_groupwise_group_gemm[out_dtype0-MN-8-256-8192-4096] - AssertionError: Tensor-likes are not close!
FAILED tests/GEMM/test_groupwise_scaled_gemm_fp8.py::test_fp8_groupwise_group_gemm[out_dtype0-MN-8-256-8192-8192] - AssertionError: Tensor-likes are not close!
FAILED tests/GEMM/test_groupwise_scaled_gemm_fp8.py::test_fp8_groupwise_group_gemm[out_dtype0-MN-8-512-128-4096] - AssertionError: Tensor-likes are not close!
FAILED tests/GEMM/test_groupwise_scaled_gemm_fp8.py::test_fp8_groupwise_group_gemm[out_dtype0-MN-8-512-128-8192] - AssertionError: Tensor-likes are not close!
FAILED tests/GEMM/test_groupwise_scaled_gemm_fp8.py::test_fp8_groupwise_group_gemm[out_dtype0-MN-8-512-256-4096] - AssertionError: Tensor-likes are not close!
FAILED tests/GEMM/test_groupwise_scaled_gemm_fp8.py::test_fp8_groupwise_group_gemm[out_dtype0-MN-8-512-256-8192] - AssertionError: Tensor-likes are not close!
FAILED tests/GEMM/test_groupwise_scaled_gemm_fp8.py::test_fp8_groupwise_group_gemm[out_dtype0-MN-8-512-512-512] - AssertionError: Tensor-likes are not close!
FAILED tests/GEMM/test_groupwise_scaled_gemm_fp8.py::test_fp8_groupwise_group_gemm[out_dtype0-MN-8-512-512-4096] - AssertionError: Tensor-likes are not close!
FAILED tests/GEMM/test_groupwise_scaled_gemm_fp8.py::test_fp8_groupwise_group_gemm[out_dtype0-MN-8-512-512-8192] - AssertionError: Tensor-likes are not close!
FAILED tests/GEMM/test_groupwise_scaled_gemm_fp8.py::test_fp8_groupwise_group_gemm[out_dtype0-MN-8-512-4096-4] - AssertionError: Tensor-likes are not close!
FAILED tests/GEMM/test_groupwise_scaled_gemm_fp8.py::test_fp8_groupwise_group_gemm[out_dtype0-MN-8-512-4096-128] - AssertionError: Tensor-likes are not close!
FAILED tests/GEMM/test_groupwise_scaled_gemm_fp8.py::test_fp8_groupwise_group_gemm[out_dtype0-MN-8-512-4096-256] - AssertionError: Tensor-likes are not close!
FAILED tests/GEMM/test_groupwise_scaled_gemm_fp8.py::test_fp8_groupwise_group_gemm[out_dtype0-MN-8-512-4096-512] - AssertionError: Tensor-likes are not close!
FAILED tests/GEMM/test_groupwise_scaled_gemm_fp8.py::test_fp8_groupwise_group_gemm[out_dtype0-MN-8-512-8192-4] - AssertionError: Tensor-likes are not close!
FAILED tests/GEMM/test_groupwise_scaled_gemm_fp8.py::test_fp8_groupwise_group_gemm[out_dtype0-MN-8-512-8192-128] - AssertionError: Tensor-likes are not close!
FAILED tests/GEMM/test_groupwise_scaled_gemm_fp8.py::test_fp8_groupwise_group_gemm[out_dtype0-MN-8-512-8192-256] - AssertionError: Tensor-likes are not close!
FAILED tests/GEMM/test_groupwise_scaled_gemm_fp8.py::test_fp8_groupwise_group_gemm[out_dtype0-MN-8-4096-4096-8192] - AssertionError: Tensor-likes are not close!
FAILED tests/GEMM/test_groupwise_scaled_gemm_fp8.py::test_fp8_groupwise_group_gemm[out_dtype0-MN-8-4096-8192-4] - AssertionError: Tensor-likes are not close!
FAILED tests/GEMM/test_groupwise_scaled_gemm_fp8.py::test_fp8_groupwise_group_gemm[out_dtype0-MN-8-8192-128-4] - AssertionError: Tensor-likes are not close!
FAILED tests/GEMM/test_groupwise_scaled_gemm_fp8.py::test_fp8_groupwise_group_gemm[out_dtype0-MN-8-8192-256-8192] - AssertionError: Tensor-likes are not close!
FAILED tests/GEMM/test_groupwise_scaled_gemm_fp8.py::test_fp8_groupwise_group_gemm[out_dtype0-MN-8-8192-8192-4] - AssertionError: Tensor-likes are not close!
FAILED tests/GEMM/test_groupwise_scaled_gemm_fp8.py::test_fp8_groupwise_group_gemm[out_dtype0-MN-8-8192-8192-4096] - AssertionError: Tensor-likes are not close!
FAILED tests/GEMM/test_groupwise_scaled_gemm_fp8.py::test_fp8_groupwise_group_gemm[out_dtype0-K-2-128-128-8192] - AssertionError: Tensor-likes are not close!
FAILED tests/GEMM/test_groupwise_scaled_gemm_fp8.py::test_fp8_groupwise_group_gemm[out_dtype0-K-2-128-256-4096] - AssertionError: Tensor-likes are not close!
FAILED tests/GEMM/test_groupwise_scaled_gemm_fp8.py::test_fp8_groupwise_group_gemm[out_dtype0-K-2-128-512-4096] - AssertionError: Tensor-likes are not close!
FAILED tests/GEMM/test_groupwise_scaled_gemm_fp8.py::test_fp8_groupwise_group_gemm[out_dtype0-K-2-128-512-8192] - AssertionError: Tensor-likes are not close!
FAILED tests/GEMM/test_groupwise_scaled_gemm_fp8.py::test_fp8_groupwise_group_gemm[out_dtype0-K-2-128-4096-128] - AssertionError: Tensor-likes are not close!
FAILED tests/GEMM/test_groupwise_scaled_gemm_fp8.py::test_fp8_groupwise_group_gemm[out_dtype0-K-2-128-4096-4096] - AssertionError: Tensor-likes are not close!
FAILED tests/GEMM/test_groupwise_scaled_gemm_fp8.py::test_fp8_groupwise_group_gemm[out_dtype0-K-2-128-4096-8192] - AssertionError: Tensor-likes are not close!
FAILED tests/GEMM/test_groupwise_scaled_gemm_fp8.py::test_fp8_groupwise_group_gemm[out_dtype0-K-2-128-8192-4096] - AssertionError: Tensor-likes are not close!
FAILED tests/GEMM/test_groupwise_scaled_gemm_fp8.py::test_fp8_groupwise_group_gemm[out_dtype0-K-2-128-8192-8192] - AssertionError: Tensor-likes are not close!
FAILED tests/GEMM/test_groupwise_scaled_gemm_fp8.py::test_fp8_groupwise_group_gemm[out_dtype0-K-2-256-128-4096] - AssertionError: Tensor-likes are not close!
FAILED tests/GEMM/test_groupwise_scaled_gemm_fp8.py::test_fp8_groupwise_group_gemm[out_dtype0-K-2-256-128-8192] - AssertionError: Tensor-likes are not close!
FAILED tests/GEMM/test_groupwise_scaled_gemm_fp8.py::test_fp8_groupwise_group_gemm[out_dtype0-K-2-256-256-8192] - AssertionError: Tensor-likes are not close!
FAILED tests/GEMM/test_groupwise_scaled_gemm_fp8.py::test_fp8_groupwise_group_gemm[out_dtype0-K-2-256-512-8192] - AssertionError: Tensor-likes are not close!
FAILED tests/GEMM/test_groupwise_scaled_gemm_fp8.py::test_fp8_groupwise_group_gemm[out_dtype0-K-2-512-128-8192] - AssertionError: Tensor-likes are not close!
FAILED tests/GEMM/test_groupwise_scaled_gemm_fp8.py::test_fp8_groupwise_group_gemm[out_dtype0-K-2-512-256-8192] - AssertionError: Tensor-likes are not close!
FAILED tests/GEMM/test_groupwise_scaled_gemm_fp8.py::test_fp8_groupwise_group_gemm[out_dtype0-K-2-512-512-4096] - AssertionError: Tensor-likes are not close!
FAILED tests/GEMM/test_groupwise_scaled_gemm_fp8.py::test_fp8_groupwise_group_gemm[out_dtype0-K-2-512-512-8192] - AssertionError: Tensor-likes are not close!
FAILED tests/GEMM/test_groupwise_scaled_gemm_fp8.py::test_fp8_groupwise_group_gemm[out_dtype0-K-2-512-8192-128] - AssertionError: Tensor-likes are not close!
FAILED tests/GEMM/test_groupwise_scaled_gemm_fp8.py::test_fp8_groupwise_group_gemm[out_dtype0-K-4-128-128-4096] - AssertionError: Tensor-likes are not close!
FAILED tests/GEMM/test_groupwise_scaled_gemm_fp8.py::test_fp8_groupwise_group_gemm[out_dtype0-K-4-128-128-8192] - AssertionError: Tensor-likes are not close!
FAILED tests/GEMM/test_groupwise_scaled_gemm_fp8.py::test_fp8_groupwise_group_gemm[out_dtype0-K-4-128-256-4096] - AssertionError: Tensor-likes are not close!
FAILED tests/GEMM/test_groupwise_scaled_gemm_fp8.py::test_fp8_groupwise_group_gemm[out_dtype0-K-4-128-256-8192] - AssertionError: Tensor-likes are not close!
FAILED tests/GEMM/test_groupwise_scaled_gemm_fp8.py::test_fp8_groupwise_group_gemm[out_dtype0-K-4-128-512-4096] - AssertionError: Tensor-likes are not close!
FAILED tests/GEMM/test_groupwise_scaled_gemm_fp8.py::test_fp8_groupwise_group_gemm[out_dtype0-K-4-128-512-8192] - AssertionError: Tensor-likes are not close!
FAILED tests/GEMM/test_groupwise_scaled_gemm_fp8.py::test_fp8_groupwise_group_gemm[out_dtype0-K-4-128-4096-4] - AssertionError: Tensor-likes are not close!
FAILED tests/GEMM/test_groupwise_scaled_gemm_fp8.py::test_fp8_groupwise_group_gemm[out_dtype0-K-4-128-4096-128] - AssertionError: Tensor-likes are not close!
FAILED tests/GEMM/test_groupwise_scaled_gemm_fp8.py::test_fp8_groupwise_group_gemm[out_dtype0-K-4-128-4096-256] - AssertionError: Tensor-likes are not close!
FAILED tests/GEMM/test_groupwise_scaled_gemm_fp8.py::test_fp8_groupwise_group_gemm[out_dtype0-K-4-128-4096-512] - AssertionError: Tensor-likes are not close!
FAILED tests/GEMM/test_groupwise_scaled_gemm_fp8.py::test_fp8_groupwise_group_gemm[out_dtype0-K-4-128-4096-4096] - AssertionError: Tensor-likes are not close!
FAILED tests/GEMM/test_groupwise_scaled_gemm_fp8.py::test_fp8_groupwise_group_gemm[out_dtype0-K-4-128-4096-8192] - AssertionError: Tensor-likes are not close!
FAILED tests/GEMM/test_groupwise_scaled_gemm_fp8.py::test_fp8_groupwise_group_gemm[out_dtype0-K-4-128-8192-4] - AssertionError: Tensor-likes are not close!
FAILED tests/GEMM/test_groupwise_scaled_gemm_fp8.py::test_fp8_groupwise_group_gemm[out_dtype0-K-4-128-8192-128] - AssertionError: Tensor-likes are not close!
FAILED tests/GEMM/test_groupwise_scaled_gemm_fp8.py::test_fp8_groupwise_group_gemm[out_dtype0-K-4-128-8192-256] - AssertionError: Tensor-likes are not close!
FAILED tests/GEMM/test_groupwise_scaled_gemm_fp8.py::test_fp8_groupwise_group_gemm[out_dtype0-K-4-128-8192-512] - AssertionError: Tensor-likes are not close!
FAILED tests/GEMM/test_groupwise_scaled_gemm_fp8.py::test_fp8_groupwise_group_gemm[out_dtype0-K-4-128-8192-4096] - AssertionError: Tensor-likes are not close!
FAILED tests/GEMM/test_groupwise_scaled_gemm_fp8.py::test_fp8_groupwise_group_gemm[out_dtype0-K-4-128-8192-8192] - AssertionError: Tensor-likes are not close!
FAILED tests/GEMM/test_groupwise_scaled_gemm_fp8.py::test_fp8_groupwise_group_gemm[out_dtype0-K-4-256-128-4096] - AssertionError: Tensor-likes are not close!
FAILED tests/GEMM/test_groupwise_scaled_gemm_fp8.py::test_fp8_groupwise_group_gemm[out_dtype0-K-4-256-128-8192] - AssertionError: Tensor-likes are not close!
FAILED tests/GEMM/test_groupwise_scaled_gemm_fp8.py::test_fp8_groupwise_group_gemm[out_dtype0-K-4-256-256-4096] - AssertionError: Tensor-likes are not close!
FAILED tests/GEMM/test_groupwise_scaled_gemm_fp8.py::test_fp8_groupwise_group_gemm[out_dtype0-K-4-256-256-8192] - AssertionError: Tensor-likes are not close!
FAILED tests/GEMM/test_groupwise_scaled_gemm_fp8.py::test_fp8_groupwise_group_gemm[out_dtype0-K-4-256-512-4096] - AssertionError: Tensor-likes are not close!
FAILED tests/GEMM/test_groupwise_scaled_gemm_fp8.py::test_fp8_groupwise_group_gemm[out_dtype0-K-4-256-512-8192] - AssertionError: Tensor-likes are not close!
FAILED tests/GEMM/test_groupwise_scaled_gemm_fp8.py::test_fp8_groupwise_group_gemm[out_dtype0-K-4-256-4096-128] - AssertionError: Tensor-likes are not close!
FAILED tests/GEMM/test_groupwise_scaled_gemm_fp8.py::test_fp8_groupwise_group_gemm[out_dtype0-K-4-256-4096-256] - AssertionError: Tensor-likes are not close!
FAILED tests/GEMM/test_groupwise_scaled_gemm_fp8.py::test_fp8_groupwise_group_gemm[out_dtype0-K-4-256-4096-4096] - AssertionError: Tensor-likes are not close!
FAILED tests/GEMM/test_groupwise_scaled_gemm_fp8.py::test_fp8_groupwise_group_gemm[out_dtype0-K-4-256-4096-8192] - AssertionError: Tensor-likes are not close!
FAILED tests/GEMM/test_groupwise_scaled_gemm_fp8.py::test_fp8_groupwise_group_gemm[out_dtype0-K-4-256-8192-4] - AssertionError: Tensor-likes are not close!
FAILED tests/GEMM/test_groupwise_scaled_gemm_fp8.py::test_fp8_groupwise_group_gemm[out_dtype0-K-4-256-8192-128] - AssertionError: Tensor-likes are not close!
FAILED tests/GEMM/test_groupwise_scaled_gemm_fp8.py::test_fp8_groupwise_group_gemm[out_dtype0-K-4-256-8192-8192] - AssertionError: Tensor-likes are not close!
FAILED tests/GEMM/test_groupwise_scaled_gemm_fp8.py::test_fp8_groupwise_group_gemm[out_dtype0-K-4-512-128-4096] - AssertionError: Tensor-likes are not close!
FAILED tests/GEMM/test_groupwise_scaled_gemm_fp8.py::test_fp8_groupwise_group_gemm[out_dtype0-K-4-512-128-8192] - AssertionError: Tensor-likes are not close!
FAILED tests/GEMM/test_groupwise_scaled_gemm_fp8.py::test_fp8_groupwise_group_gemm[out_dtype0-K-4-512-256-4096] - AssertionError: Tensor-likes are not close!
FAILED tests/GEMM/test_groupwise_scaled_gemm_fp8.py::test_fp8_groupwise_group_gemm[out_dtype0-K-4-512-256-8192] - AssertionError: Tensor-likes are not close!
FAILED tests/GEMM/test_groupwise_scaled_gemm_fp8.py::test_fp8_groupwise_group_gemm[out_dtype0-K-4-512-512-4096] - AssertionError: Tensor-likes are not close!
FAILED tests/GEMM/test_groupwise_scaled_gemm_fp8.py::test_fp8_groupwise_group_gemm[out_dtype0-K-4-512-512-8192] - AssertionError: Tensor-likes are not close!
FAILED tests/GEMM/test_groupwise_scaled_gemm_fp8.py::test_fp8_groupwise_group_gemm[out_dtype0-K-4-512-4096-4] - AssertionError: Tensor-likes are not close!
FAILED tests/GEMM/test_groupwise_scaled_gemm_fp8.py::test_fp8_groupwise_group_gemm[out_dtype0-K-4-512-4096-128] - AssertionError: Tensor-likes are not close!
FAILED tests/GEMM/test_groupwise_scaled_gemm_fp8.py::test_fp8_groupwise_group_gemm[out_dtype0-K-4-512-8192-4] - AssertionError: Tensor-likes are not close!
FAILED tests/GEMM/test_groupwise_scaled_gemm_fp8.py::test_fp8_groupwise_group_gemm[out_dtype0-K-4-512-8192-128] - AssertionError: Tensor-likes are not close!
FAILED tests/GEMM/test_groupwise_scaled_gemm_fp8.py::test_fp8_groupwise_group_gemm[out_dtype0-K-4-8192-4096-8192] - AssertionError: Tensor-likes are not close!
FAILED tests/GEMM/test_groupwise_scaled_gemm_fp8.py::test_fp8_groupwise_group_gemm[out_dtype0-K-4-8192-8192-4] - AssertionError: Tensor-likes are not close!
FAILED tests/GEMM/test_groupwise_scaled_gemm_fp8.py::test_fp8_groupwise_group_gemm[out_dtype0-K-4-8192-8192-8192] - AssertionError: Tensor-likes are not close!
FAILED tests/GEMM/test_groupwise_scaled_gemm_fp8.py::test_fp8_groupwise_group_gemm[out_dtype0-K-8-128-128-4096] - AssertionError: Tensor-likes are not close!
FAILED tests/GEMM/test_groupwise_scaled_gemm_fp8.py::test_fp8_groupwise_group_gemm[out_dtype0-K-8-128-128-8192] - AssertionError: Tensor-likes are not close!
FAILED tests/GEMM/test_groupwise_scaled_gemm_fp8.py::test_fp8_groupwise_group_gemm[out_dtype0-K-8-128-256-4096] - AssertionError: Tensor-likes are not close!
FAILED tests/GEMM/test_groupwise_scaled_gemm_fp8.py::test_fp8_groupwise_group_gemm[out_dtype0-K-8-128-256-8192] - AssertionError: Tensor-likes are not close!
FAILED tests/GEMM/test_groupwise_scaled_gemm_fp8.py::test_fp8_groupwise_group_gemm[out_dtype0-K-8-128-512-4096] - AssertionError: Tensor-likes are not close!
FAILED tests/GEMM/test_groupwise_scaled_gemm_fp8.py::test_fp8_groupwise_group_gemm[out_dtype0-K-8-128-512-8192] - AssertionError: Tensor-likes are not close!
FAILED tests/GEMM/test_groupwise_scaled_gemm_fp8.py::test_fp8_groupwise_group_gemm[out_dtype0-K-8-128-4096-4] - AssertionError: Tensor-likes are not close!
FAILED tests/GEMM/test_groupwise_scaled_gemm_fp8.py::test_fp8_groupwise_group_gemm[out_dtype0-K-8-128-4096-128] - AssertionError: Tensor-likes are not close!
FAILED tests/GEMM/test_groupwise_scaled_gemm_fp8.py::test_fp8_groupwise_group_gemm[out_dtype0-K-8-128-4096-256] - AssertionError: Tensor-likes are not close!
FAILED tests/GEMM/test_groupwise_scaled_gemm_fp8.py::test_fp8_groupwise_group_gemm[out_dtype0-K-8-128-4096-512] - AssertionError: Tensor-likes are not close!
FAILED tests/GEMM/test_groupwise_scaled_gemm_fp8.py::test_fp8_groupwise_group_gemm[out_dtype0-K-8-128-4096-4096] - AssertionError: Tensor-likes are not close!
FAILED tests/GEMM/test_groupwise_scaled_gemm_fp8.py::test_fp8_groupwise_group_gemm[out_dtype0-K-8-128-4096-8192] - AssertionError: Tensor-likes are not close!
FAILED tests/GEMM/test_groupwise_scaled_gemm_fp8.py::test_fp8_groupwise_group_gemm[out_dtype0-K-8-128-8192-4] - AssertionError: Tensor-likes are not close!
FAILED tests/GEMM/test_groupwise_scaled_gemm_fp8.py::test_fp8_groupwise_group_gemm[out_dtype0-K-8-128-8192-128] - AssertionError: Tensor-likes are not close!
FAILED tests/GEMM/test_groupwise_scaled_gemm_fp8.py::test_fp8_groupwise_group_gemm[out_dtype0-K-8-128-8192-256] - AssertionError: Tensor-likes are not close!
FAILED tests/GEMM/test_groupwise_scaled_gemm_fp8.py::test_fp8_groupwise_group_gemm[out_dtype0-K-8-128-8192-512] - AssertionError: Tensor-likes are not close!
FAILED tests/GEMM/test_groupwise_scaled_gemm_fp8.py::test_fp8_groupwise_group_gemm[out_dtype0-K-8-128-8192-4096] - AssertionError: Tensor-likes are not close!
FAILED tests/GEMM/test_groupwise_scaled_gemm_fp8.py::test_fp8_groupwise_group_gemm[out_dtype0-K-8-128-8192-8192] - AssertionError: Tensor-likes are not close!
FAILED tests/GEMM/test_groupwise_scaled_gemm_fp8.py::test_fp8_groupwise_group_gemm[out_dtype0-K-8-256-128-4096] - AssertionError: Tensor-likes are not close!
FAILED tests/GEMM/test_groupwise_scaled_gemm_fp8.py::test_fp8_groupwise_group_gemm[out_dtype0-K-8-256-128-8192] - AssertionError: Tensor-likes are not close!
FAILED tests/GEMM/test_groupwise_scaled_gemm_fp8.py::test_fp8_groupwise_group_gemm[out_dtype0-K-8-256-256-4096] - AssertionError: Tensor-likes are not close!
FAILED tests/GEMM/test_groupwise_scaled_gemm_fp8.py::test_fp8_groupwise_group_gemm[out_dtype0-K-8-256-256-8192] - AssertionError: Tensor-likes are not close!
FAILED tests/GEMM/test_groupwise_scaled_gemm_fp8.py::test_fp8_groupwise_group_gemm[out_dtype0-K-8-256-512-4096] - AssertionError: Tensor-likes are not close!
FAILED tests/GEMM/test_groupwise_scaled_gemm_fp8.py::test_fp8_groupwise_group_gemm[out_dtype0-K-8-256-512-8192] - AssertionError: Tensor-likes are not close!
FAILED tests/GEMM/test_groupwise_scaled_gemm_fp8.py::test_fp8_groupwise_group_gemm[out_dtype0-K-8-256-4096-4] - AssertionError: Tensor-likes are not close!
FAILED tests/GEMM/test_groupwise_scaled_gemm_fp8.py::test_fp8_groupwise_group_gemm[out_dtype0-K-8-256-4096-128] - AssertionError: Tensor-likes are not close!
FAILED tests/GEMM/test_groupwise_scaled_gemm_fp8.py::test_fp8_groupwise_group_gemm[out_dtype0-K-8-256-4096-256] - AssertionError: Tensor-likes are not close!
FAILED tests/GEMM/test_groupwise_scaled_gemm_fp8.py::test_fp8_groupwise_group_gemm[out_dtype0-K-8-256-4096-512] - AssertionError: Tensor-likes are not close!
FAILED tests/GEMM/test_groupwise_scaled_gemm_fp8.py::test_fp8_groupwise_group_gemm[out_dtype0-K-8-256-4096-4096] - AssertionError: Tensor-likes are not close!
FAILED tests/GEMM/test_groupwise_scaled_gemm_fp8.py::test_fp8_groupwise_group_gemm[out_dtype0-K-8-256-4096-8192] - AssertionError: Tensor-likes are not close!
FAILED tests/GEMM/test_groupwise_scaled_gemm_fp8.py::test_fp8_groupwise_group_gemm[out_dtype0-K-8-256-8192-4] - AssertionError: Tensor-likes are not close!
FAILED tests/GEMM/test_groupwise_scaled_gemm_fp8.py::test_fp8_groupwise_group_gemm[out_dtype0-K-8-256-8192-128] - AssertionError: Tensor-likes are not close!
FAILED tests/GEMM/test_groupwise_scaled_gemm_fp8.py::test_fp8_groupwise_group_gemm[out_dtype0-K-8-256-8192-256] - AssertionError: Tensor-likes are not close!
FAILED tests/GEMM/test_groupwise_scaled_gemm_fp8.py::test_fp8_groupwise_group_gemm[out_dtype0-K-8-256-8192-4096] - AssertionError: Tensor-likes are not close!
FAILED tests/GEMM/test_groupwise_scaled_gemm_fp8.py::test_fp8_groupwise_group_gemm[out_dtype0-K-8-256-8192-8192] - AssertionError: Tensor-likes are not close!
FAILED tests/GEMM/test_groupwise_scaled_gemm_fp8.py::test_fp8_groupwise_group_gemm[out_dtype0-K-8-512-128-4096] - AssertionError: Tensor-likes are not close!
FAILED tests/GEMM/test_groupwise_scaled_gemm_fp8.py::test_fp8_groupwise_group_gemm[out_dtype0-K-8-512-128-8192] - AssertionError: Tensor-likes are not close!
FAILED tests/GEMM/test_groupwise_scaled_gemm_fp8.py::test_fp8_groupwise_group_gemm[out_dtype0-K-8-512-256-4096] - AssertionError: Tensor-likes are not close!
FAILED tests/GEMM/test_groupwise_scaled_gemm_fp8.py::test_fp8_groupwise_group_gemm[out_dtype0-K-8-512-256-8192] - AssertionError: Tensor-likes are not close!
FAILED tests/GEMM/test_groupwise_scaled_gemm_fp8.py::test_fp8_groupwise_group_gemm[out_dtype0-K-8-512-512-8192] - AssertionError: Tensor-likes are not close!
FAILED tests/GEMM/test_groupwise_scaled_gemm_fp8.py::test_fp8_groupwise_group_gemm[out_dtype0-K-8-512-4096-4] - AssertionError: Tensor-likes are not close!
FAILED tests/GEMM/test_groupwise_scaled_gemm_fp8.py::test_fp8_groupwise_group_gemm[out_dtype0-K-8-512-4096-128] - AssertionError: Tensor-likes are not close!
FAILED tests/GEMM/test_groupwise_scaled_gemm_fp8.py::test_fp8_groupwise_group_gemm[out_dtype0-K-8-512-4096-256] - AssertionError: Tensor-likes are not close!
FAILED tests/GEMM/test_groupwise_scaled_gemm_fp8.py::test_fp8_groupwise_group_gemm[out_dtype0-K-8-512-8192-4] - AssertionError: Tensor-likes are not close!
FAILED tests/GEMM/test_groupwise_scaled_gemm_fp8.py::test_fp8_groupwise_group_gemm[out_dtype0-K-8-512-8192-128] - AssertionError: Tensor-likes are not close!
FAILED tests/GEMM/test_groupwise_scaled_gemm_fp8.py::test_fp8_groupwise_group_gemm[out_dtype0-K-8-512-8192-8192] - AssertionError: Tensor-likes are not close!
FAILED tests/GEMM/test_groupwise_scaled_gemm_fp8.py::test_fp8_groupwise_group_gemm[out_dtype0-K-8-4096-8192-8192] - AssertionError: Tensor-likes are not close!
FAILED tests/GEMM/test_groupwise_scaled_gemm_fp8.py::test_fp8_groupwise_group_gemm[out_dtype0-K-8-8192-128-4] - AssertionError: Tensor-likes are not close!
FAILED tests/GEMM/test_groupwise_scaled_gemm_fp8.py::test_fp8_groupwise_group_gemm[out_dtype0-K-8-8192-128-8192] - AssertionError: Tensor-likes are not close!
FAILED tests/GEMM/test_groupwise_scaled_gemm_fp8.py::test_fp8_groupwise_group_gemm[out_dtype0-K-8-8192-256-8192] - AssertionError: Tensor-likes are not close!
FAILED tests/GEMM/test_groupwise_scaled_gemm_fp8.py::test_fp8_groupwise_group_gemm[out_dtype0-K-8-8192-4096-8192] - AssertionError: Tensor-likes are not close!
FAILED tests/GEMM/test_groupwise_scaled_gemm_fp8.py::test_fp8_groupwise_group_gemm[out_dtype0-K-8-8192-8192-256] - AssertionError: Tensor-likes are not close!
FAILED tests/GEMM/test_groupwise_scaled_gemm_fp8.py::test_fp8_groupwise_group_gemm[out_dtype0-K-8-8192-8192-4096] - AssertionError: Tensor-likes are not close!
============================================================================================================== 234 failed, 966 passed, 1 warning in 108.34s (0:01:48) ==============================================================================================================
